---
sidebar: sidebar 
permalink: backup/hana-sc-vmware-smas-hana-install.html 
keywords: SAP HANA, VMware, SnapMirror active sync, SnapCenter, backup and recovery 
summary:  
---
= HANA系统配置和安装
:hardbreaks:
:allow-uri-read: 
:nofooter: 
:icons: font
:linkattrs: 
:imagesdir: ../media/
:firstname: ---
:author: ---
:authorinitials: -
:authors: ---


[role="lead"]
本章介绍如何使用VMFS安装和配置特定于VMware设置的SAP HANA系统。有关其他通用最佳实践，请参见link:../bp/hana-aff-fc-introduction.html#sap-hana-tailored-data-center-integration["基于采用光纤通道协议的 NetApp AFF 系统的 SAP HANA"]。



== 存储配置

下图显示了HANA系统的存储和数据存储库配置。您必须为HANA系统的每个文件系统配置一个专用卷、LUN和数据存储库。不能在多个HANA系统或其他工作负载之间共享数据存储库。

image:sc-saphana-vmware-smas-image5.png["图显示了所讨论的内容"]

已在A700存储集群中配置HANA系统的所有三个LUN (HAA++_++data++++++++-SMA、HAA+++++++++++++++SAM和HAA+++++++++++++++shared +++++++++++SMA)以及用于操作系统映像和SnapCenter组件的LUN。


NOTE: 必须在同一个SVM中配置HANA系统的所有卷。在后面介绍的SnapMirror主动同步配置中、我们将在所有三个HANA卷之间创建一致性组、这要求这些卷位于同一个SVM中。基础架构卷将位于不同的一致性组中、因此可能位于不同的SVM中。

image:sc-saphana-vmware-smas-image6.png["图显示了所讨论的内容"]

必须配置启动程序组、并且必须将上述LUN映射到EST-1主机、在我们的实验室设置中、该主机与A700存储系统非常接近。



== 数据存储库配置

我们使用之前配置的三个LUN为HANA系统创建了三个数据存储库。此外、我们还使用基础架构LUN创建了一个基础架构数据存储库。

image:sc-saphana-vmware-smas-image7.png["图显示了所讨论的内容"]



== VM配置和操作系统安装

在实验室设置中、我们部署了一个新VM、并将适用于Linux操作系统的VMDK放置在基础架构数据存储库中。



== VM磁盘配置

向HANA VM添加了三个新磁盘、每个磁盘都位于为HANA系统创建的一个数据存储库中。

image:sc-saphana-vmware-smas-image8.png["图显示了所讨论的内容"]



== VM参数设置

必须添加参数disk.enableUUID并将其设置为true。SnapCenter需要参数。如果未设置、SnapCenter的"Discover virtual resource"(发现虚拟资源)操作将失败。

必须先停止VM、然后才能添加参数。

image:sc-saphana-vmware-smas-image9.png["图显示了所讨论的内容"]

可以使用以下命令检查此功能。

....
hana-1:~ # sg_inq /dev/sdd
standard INQUIRY:
PQual=0 PDT=0 RMB=0 LU_CONG=0 hot_pluggable=0 version=0x06 [SPC-4]
[AERC=0] [TrmTsk=] NormACA=0 HiSUP=0 Resp_data_format=2
SCCS=0 ACC=0 TPGS=0 3PC=0 Protect=0 [BQue=0]
EncServ=0 MultiP=0 [MChngr=0] [ACKREQQ=0] Addr16=0
[RelAdr=0] WBus16=1 Sync=1 [Linked=0] [TranDis=0] CmdQue=1
length=36 (0x24) Peripheral device type: disk
Vendor identification: VMware
Product identification: Virtual disk
Product revision level: 2.0
Unit serial number: 6000c293fecf25ac6bc457af67fe1f54
....


== 在Linux主机上准备文件系统



=== 在新磁盘上创建xfs文件系统

可以使用以下命令检查新磁盘的设备名称。

....
hana-1:/install # lsblk
NAME MAJ:MIN RM SIZE RO TYPE MOUNTPOINTS
sda 8:0 0 250G 0 disk
├─sda1 8:1 0 256M 0 part /boot/efi
└─sda2 8:2 0 82G 0 part
├─system-root 254:0 0 60G 0 lvm /root
│ /var
│ /usr/local
│ /tmp
│ /srv
│ /opt
│ /home
│ /boot/grub2/x86++_++64-efi
│ /boot/grub2/i386-pc
│ /.snapshots
│ /
└─system-swap 254:1 0 2G 0 lvm SWAP
sdb 8:16 0 200G 0 disk
sdc 8:32 0 120G 0 disk
sdd 8:48 0 150G 0 disk
sr0 11:0 1 1024M 0 rom
hana-1:/install #
....
在三个新磁盘中的每个磁盘上都创建了一个xfs文件系统。

....
hana-1:/install # mkfs.xfs /dev/sdb
meta-data=/dev/sdb isize=512 agcount=4, agsize=7864320 blks
sectsz=512 attr=2, projid32bit=1
crc=1 finobt=1, sparse=1, rmapbt=0
reflink=0 bigtime=0 inobtcount=0
data = bsize=4096 blocks=31457280, imaxpct=25
sunit=0 swidth=0 blks
naming =version 2 bsize=4096 ascii-ci=0, ftype=1
log =internal log bsize=4096 blocks=15360, version=2
sectsz=512 sunit=0 blks, lazy-count=1
realtime =none extsz=4096 blocks=0, rtextents=0

hana-1:/install # mkfs.xfs /dev/sdc
meta-data=/dev/sdc isize=512 agcount=4, agsize=7864320 blks
sectsz=512 attr=2, projid32bit=1
crc=1 finobt=1, sparse=1, rmapbt=0
reflink=0 bigtime=0 inobtcount=0
data = bsize=4096 blocks=31457280, imaxpct=25
sunit=0 swidth=0 blks
naming =version 2 bsize=4096 ascii-ci=0, ftype=1
log =internal log bsize=4096 blocks=15360, version=2
sectsz=512 sunit=0 blks, lazy-count=1
realtime =none extsz=4096 blocks=0, rtextents=0

hana-1:/install # mkfs.xfs /dev/sdd
meta-data=/dev/sdd isize=512 agcount=4, agsize=9830400 blks
sectsz=512 attr=2, projid32bit=1
crc=1 finobt=1, sparse=1, rmapbt=0
reflink=0 bigtime=0 inobtcount=0
data = bsize=4096 blocks=39321600, imaxpct=25
sunit=0 swidth=0 blks
naming =version 2 bsize=4096 ascii-ci=0, ftype=1
log =internal log bsize=4096 blocks=19200, version=2
sectsz=512 sunit=0 blks, lazy-count=1
realtime =none extsz=4096 blocks=0, rtextents=0
hana-1:/install #
....


=== 创建挂载点

....
hana-1:/ # mkdir -p /hana/data/SMA/mnt00001
hana-1:/ # mkdir -p /hana/log/SMA/mnt00001
hana-1:/ # mkdir -p /hana/shared
hana-1:/ # chmod –R 777 /hana/log/SMA
hana-1:/ # chmod –R 777 /hana/data/SMA
hana-1:/ # chmod -R 777 /hana/shared
....


=== 配置/etc/fstab

....
hana-1:/install # cat /etc/fstab
/dev/system/root / btrfs defaults 0 0
/dev/system/root /var btrfs subvol=/@/var 0 0
/dev/system/root /usr/local btrfs subvol=/@/usr/local 0 0
/dev/system/root /tmp btrfs subvol=/@/tmp 0 0
/dev/system/root /srv btrfs subvol=/@/srv 0 0
/dev/system/root /root btrfs subvol=/@/root 0 0
/dev/system/root /opt btrfs subvol=/@/opt 0 0
/dev/system/root /home btrfs subvol=/@/home 0 0
/dev/system/root /boot/grub2/x86_64-efi btrfs subvol=/@/boot/grub2/x86_64-efi 0 0
/dev/system/root /boot/grub2/i386-pc btrfs subvol=/@/boot/grub2/i386-pc 0 0
/dev/system/swap swap swap defaults 0 0
/dev/system/root /.snapshots btrfs subvol=/@/.snapshots 0 0
UUID=2E8C-48E1 /boot/efi vfat utf8 0 2
/dev/sdb /hana/data/SMA/mnt00001 xfs relatime,inode64 0 0
/dev/sdc /hana/log/SMA/mnt00001 xfs relatime,inode64 0 0
/dev/sdd /hana/shared xfs defaults 0 0
hana-1:/install #

hana-1:/install # df -h
Filesystem Size Used Avail Use% Mounted on
devtmpfs 4.0M 8.0K 4.0M 1% /dev
tmpfs 49G 4.0K 49G 1% /dev/shm
tmpfs 13G 26M 13G 1% /run
tmpfs 4.0M 0 4.0M 0% /sys/fs/cgroup
/dev/mapper/system-root 60G 35G 25G 58% /
/dev/mapper/system-root 60G 35G 25G 58% /.snapshots
/dev/mapper/system-root 60G 35G 25G 58% /boot/grub2/i386-pc
/dev/mapper/system-root 60G 35G 25G 58% /boot/grub2/x86_64-efi
/dev/mapper/system-root 60G 35G 25G 58% /home
/dev/mapper/system-root 60G 35G 25G 58% /opt
/dev/mapper/system-root 60G 35G 25G 58% /srv
/dev/mapper/system-root 60G 35G 25G 58% /tmp
/dev/mapper/system-root 60G 35G 25G 58% /usr/local
/dev/mapper/system-root 60G 35G 25G 58% /var
/dev/mapper/system-root 60G 35G 25G 58% /root
/dev/sda1 253M 5.1M 247M 3% /boot/efi
tmpfs 6.3G 56K 6.3G 1% /run/user/0
/dev/sdb 200G 237M 200G 1% /hana/data/SMA/mnt00001
/dev/sdc 120G 155M 120G 1% /hana/log/SMA/mnt00001
/dev/sdd 150G 186M 150G 1% /hana/shared
hana-1:/install #
....


== HANA安装

现在可以执行HANA安装。


NOTE: 根据所述配置、/usr/sap/SMA目录将位于操作系统VMDK上。如果要将/usr/SAP/SMA存储在共享VMDK中、则可以对HANA共享磁盘进行分区、以便为/usr/SAP/SMA提供另一个文件系统。



== SnapCenter的用户存储密钥

必须为系统数据库用户创建用户存储、SnapCenter应使用该存储。必须为通信端口相应地设置HANA实例编号。在我们的设置实例中、使用的是数字"00"。

有关更详细的说明、请参见link:hana-br-scs-resource-config-hana-database-backups.html#sap-hana-backup-user-and-hdbuserstore-configuration["用于 SAP HANA 数据库备份的 SnapCenter 资源专用配置"]

....
smaadm@hana-1:/usr/sap/SMA/HDB00> hdbuserstore set SMAKEY hana-1:30013 SNAPCENTER <password>
Operation succeed.
....
可以使用以下命令检查连接。

....
smaadm@hana-1:/usr/sap/SMA/HDB00> hdbsql -U SMAKEY
Welcome to the SAP HANA Database interactive terminal.
Type: \h for help with commands
\q to quit
hdbsql SYSTEMDB=> exit
smaadm@hana-1:/usr/sap/SMA/HDB00
....